
> devops-demo@1.0.0 test
> jest --coverage --forceExit --no-cache --verbose

2026-04-10 13:50:12.329 [[32minfo[39m]: HTTP Request {"service":"devops-demo","environment":"test","method":"GET","url":"/api/info","statusCode":200,"duration":"11ms","contentLength":"484","ip":"::ffff:127.0.0.1"}
2026-04-10 13:50:12.342 [[32minfo[39m]: HTTP Request {"service":"devops-demo","environment":"test","method":"GET","url":"/api/health","statusCode":200,"duration":"9ms","contentLength":"195","ip":"::ffff:127.0.0.1"}
2026-04-10 13:50:12.346 [[32minfo[39m]: HTTP Request {"service":"devops-demo","environment":"test","method":"GET","url":"/api/info","statusCode":200,"duration":"3ms","contentLength":"484","ip":"::ffff:127.0.0.1"}
2026-04-10 13:50:12.356 [[32minfo[39m]: HTTP Request {"service":"devops-demo","environment":"test","method":"GET","url":"/api/info","statusCode":200,"duration":"2ms","contentLength":"484","ip":"::ffff:127.0.0.1"}
2026-04-10 13:50:12.359 [[32minfo[39m]: HTTP Request {"service":"devops-demo","environment":"test","method":"GET","url":"/api/health","statusCode":200,"duration":"2ms","contentLength":"195","ip":"::ffff:127.0.0.1"}
2026-04-10 13:50:12.363 [[32minfo[39m]: HTTP Request {"service":"devops-demo","environment":"test","method":"GET","url":"/api/info","statusCode":200,"duration":"2ms","contentLength":"484","ip":"::ffff:127.0.0.1"}
2026-04-10 13:50:12.365 [[32minfo[39m]: HTTP Request {"service":"devops-demo","environment":"test","method":"GET","url":"/api/health","statusCode":200,"duration":"1ms","contentLength":"195","ip":"::ffff:127.0.0.1"}
2026-04-10 13:50:12.371 [[32minfo[39m]: HTTP Request {"service":"devops-demo","environment":"test","method":"GET","url":"/api/info","statusCode":200,"duration":"2ms","contentLength":"484","ip":"::ffff:127.0.0.1"}
2026-04-10 13:50:12.373 [[32minfo[39m]: HTTP Request {"service":"devops-demo","environment":"test","method":"GET","url":"/api/health/ready","statusCode":200,"duration":"2ms","contentLength":"57","ip":"::ffff:127.0.0.1"}
2026-04-10 13:50:12.378 [[33mwarn[39m]: HTTP Request {"service":"devops-demo","environment":"test","method":"GET","url":"/api/nonexistent","statusCode":404,"duration":"2ms","contentLength":"110","ip":"::ffff:127.0.0.1"}
2026-04-10 13:50:12.380 [[32minfo[39m]: HTTP Request {"service":"devops-demo","environment":"test","method":"GET","url":"/api/health/live","statusCode":200,"duration":"1ms","contentLength":"57","ip":"::ffff:127.0.0.1"}
node.exe : PASS 
tests/info.test.js
At line:1 char:1
+ & "C:\Program 
Files\nodejs/node.exe" 
"C:\Program 
Files\nodejs/node_mo ...
+ ~~~~~~~~~~~~~~~~~~~~~~~~
~~~~~~~~~~~~~~~~~~~~~~~~~~
~~~~~~~~~~~~~~~~~~~
    + CategoryInfo        
      : NotSpecified: (P  
  ASS tests/info.test.j   
 s:String) [], RemoteE    
xception
    + FullyQualifiedError 
   Id : NativeCommandErr  
  or
 
  Info Endpoint
    GET /api/info
      ΓêÜ should return 
200 with app information 
(51 ms)
      ΓêÜ should include 
runtime information (10 
ms)
      ΓêÜ should include 
host information (9 ms)
      ΓêÜ should include 
deployment metadata (6 ms)
      ΓêÜ should return 
valid timestamp (8 ms)
  404 Handler
    ΓêÜ should return 404 
for unknown routes (6 ms)

PASS tests/health.test.js
  Health Check Endpoints
    GET /api/health
      ΓêÜ should return 
200 with status ok (53 ms)
      ΓêÜ should include 
memory status in checks 
(8 ms)
      ΓêÜ should return 
valid ISO timestamp (7 ms)
    GET /api/health/ready
      ΓêÜ should return 
200 with ready status (7 
ms)
    GET /api/health/live
      ΓêÜ should return 
200 with alive status (6 
ms)

----------------|---------|----------|---------|---------|----------------------------
File            | % Stmts | % Branch | % Funcs | % Lines | Uncovered Line #s          
----------------|---------|----------|---------|---------|----------------------------
All files       |   78.57 |    60.86 |   60.86 |   81.81 |                            
 src            |   57.14 |       40 |      10 |   59.57 |                            
  server.js     |   57.14 |       40 |      10 |   59.57 | 32-37,43,57-61,71-72,83-97 
 src/middleware |   93.02 |    63.63 |     100 |   93.02 |                            
  logger.js     |   89.47 |    61.11 |     100 |   89.47 | 49,53                      
  metrics.js    |   95.83 |       75 |     100 |   95.83 | 52                         
 src/routes     |   91.17 |    71.42 |     100 |     100 |                            
  health.js     |   88.88 |       50 |     100 |     100 | 56-58                      
  info.js       |     100 |     87.5 |     100 |     100 | 15                         
----------------|---------|----------|---------|---------|----------------------------
Test Suites: 2 passed, 2 
total
Tests:       11 passed, 
11 total
Snapshots:   0 total
Time:        2.593 s
Ran all test suites.
Force exiting Jest: Have 
you considered using 
`--detectOpenHandles` to 
detect async operations 
that kept running after 
all tests finished?
